/home/henricus/Controlling-Mulitple-Vehicle/install/cpnav/lib/python3.12/site-packages/cpnav/hlc_node.py
/home/henricus/Controlling-Mulitple-Vehicle/install/cpnav/lib/python3.12/site-packages/cpnav/__init__.py
/home/henricus/Controlling-Mulitple-Vehicle/install/cpnav/lib/python3.12/site-packages/cpnav/plot_platooning_node.py
/home/henricus/Controlling-Mulitple-Vehicle/install/cpnav/lib/python3.12/site-packages/cpnav/utils/__init__.py
/home/henricus/Controlling-Mulitple-Vehicle/install/cpnav/lib/python3.12/site-packages/cpnav/utils/printModel.py
/home/henricus/Controlling-Mulitple-Vehicle/install/cpnav/lib/python3.12/site-packages/cpnav/utils/measurement_transformer.py
/home/henricus/Controlling-Mulitple-Vehicle/install/cpnav/lib/python3.12/site-packages/cpnav/utils/system_identification.py
/home/henricus/Controlling-Mulitple-Vehicle/install/cpnav/lib/python3.12/site-packages/cpnav/utils/outer_lane_path.py
/home/henricus/Controlling-Mulitple-Vehicle/install/cpnav/lib/python3.12/site-packages/cpnav/utils/compute_relative_distance_on_path.py
/home/henricus/Controlling-Mulitple-Vehicle/install/cpnav/lib/python3.12/site-packages/cpnav/utils/compute_distance_on_path.py
/home/henricus/Controlling-Mulitple-Vehicle/install/cpnav/lib/python3.12/site-packages/cpnav/controllers/__init__.py
/home/henricus/Controlling-Mulitple-Vehicle/install/cpnav/lib/python3.12/site-packages/cpnav/controllers/interface_controller.py
/home/henricus/Controlling-Mulitple-Vehicle/install/cpnav/lib/python3.12/site-packages/cpnav/controllers/model_predictive_control.py
/home/henricus/Controlling-Mulitple-Vehicle/install/cpnav/lib/python3.12/site-packages/cpnav/models/longitudinal_model.py
/home/henricus/Controlling-Mulitple-Vehicle/install/cpnav/lib/python3.12/site-packages/cpnav/models/__init__.py
/home/henricus/Controlling-Mulitple-Vehicle/install/cpnav/lib/python3.12/site-packages/cpnav/models/central_model.py
/home/henricus/Controlling-Mulitple-Vehicle/install/cpnav/lib/python3.12/site-packages/cpnav/models/visualizeL3C1.py
/home/henricus/Controlling-Mulitple-Vehicle/install/cpnav/lib/python3.12/site-packages/cpnav/models/distributed_model.py
/home/henricus/Controlling-Mulitple-Vehicle/install/cpnav/lib/python3.12/site-packages/cpnav/models/interface_model.py
/home/henricus/Controlling-Mulitple-Vehicle/install/cpnav/lib/python3.12/site-packages/cpnav/internal_types/__init__.py
/home/henricus/Controlling-Mulitple-Vehicle/install/cpnav/lib/python3.12/site-packages/cpnav/internal_types/vehicle_state.py
/home/henricus/Controlling-Mulitple-Vehicle/install/cpnav/lib/python3.12/site-packages/cpnav/internal_types/path_point.py
/home/henricus/Controlling-Mulitple-Vehicle/install/cpnav/lib/python3.12/site-packages/cpnav/internal_types/vehicle_state_list.py
/home/henricus/Controlling-Mulitple-Vehicle/install/cpnav/lib/python3.12/site-packages/cpnav/vendor/__init__.py
/home/henricus/Controlling-Mulitple-Vehicle/install/cpnav/lib/python3.12/site-packages/cpnav/hlcs/__init__.py
/home/henricus/Controlling-Mulitple-Vehicle/install/cpnav/lib/python3.12/site-packages/cpnav/hlcs/dmpc_hlc.py
/home/henricus/Controlling-Mulitple-Vehicle/install/cpnav/lib/python3.12/site-packages/cpnav/hlcs/pmpc_hlc.py
/home/henricus/Controlling-Mulitple-Vehicle/install/cpnav/lib/python3.12/site-packages/cpnav/hlcs/cmpc_hlc.py
/home/henricus/Controlling-Mulitple-Vehicle/install/cpnav/lib/python3.12/site-packages/cpnav/hlcs/identification_hlc.py
/home/henricus/Controlling-Mulitple-Vehicle/install/cpnav/lib/python3.12/site-packages/cpnav/hlcs/interface_hlc.py
/home/henricus/Controlling-Mulitple-Vehicle/install/cpnav/lib/python3.12/site-packages/cpnav/vendor/sippy/functionsetSIM.py
/home/henricus/Controlling-Mulitple-Vehicle/install/cpnav/lib/python3.12/site-packages/cpnav/vendor/sippy/io_rls.py
/home/henricus/Controlling-Mulitple-Vehicle/install/cpnav/lib/python3.12/site-packages/cpnav/vendor/sippy/__init__.py
/home/henricus/Controlling-Mulitple-Vehicle/install/cpnav/lib/python3.12/site-packages/cpnav/vendor/sippy/arxMIMO.py
/home/henricus/Controlling-Mulitple-Vehicle/install/cpnav/lib/python3.12/site-packages/cpnav/vendor/sippy/io_rlsMIMO.py
/home/henricus/Controlling-Mulitple-Vehicle/install/cpnav/lib/python3.12/site-packages/cpnav/vendor/sippy/OLSims_methods.py
/home/henricus/Controlling-Mulitple-Vehicle/install/cpnav/lib/python3.12/site-packages/cpnav/vendor/sippy/io_opt.py
/home/henricus/Controlling-Mulitple-Vehicle/install/cpnav/lib/python3.12/site-packages/cpnav/vendor/sippy/functionset_OPT.py
/home/henricus/Controlling-Mulitple-Vehicle/install/cpnav/lib/python3.12/site-packages/cpnav/vendor/sippy/io_optMIMO.py
/home/henricus/Controlling-Mulitple-Vehicle/install/cpnav/lib/python3.12/site-packages/cpnav/vendor/sippy/functionset.py
/home/henricus/Controlling-Mulitple-Vehicle/install/cpnav/lib/python3.12/site-packages/cpnav/vendor/sippy/armaxMIMO.py
/home/henricus/Controlling-Mulitple-Vehicle/install/cpnav/lib/python3.12/site-packages/cpnav/vendor/sippy/Parsim_methods.py
/home/henricus/Controlling-Mulitple-Vehicle/install/cpnav/lib/python3.12/site-packages/cpnav/vendor/sippy/armax.py
/home/henricus/Controlling-Mulitple-Vehicle/install/cpnav/lib/python3.12/site-packages/cpnav/vendor/sippy/arx.py
/home/henricus/Controlling-Mulitple-Vehicle/install/cpnav/lib/python3.12/site-packages/cpnav/__pycache__/hlc_node.cpython-312.pyc
/home/henricus/Controlling-Mulitple-Vehicle/install/cpnav/lib/python3.12/site-packages/cpnav/__pycache__/__init__.cpython-312.pyc
/home/henricus/Controlling-Mulitple-Vehicle/install/cpnav/lib/python3.12/site-packages/cpnav/__pycache__/plot_platooning_node.cpython-312.pyc
/home/henricus/Controlling-Mulitple-Vehicle/install/cpnav/lib/python3.12/site-packages/cpnav/utils/__pycache__/__init__.cpython-312.pyc
/home/henricus/Controlling-Mulitple-Vehicle/install/cpnav/lib/python3.12/site-packages/cpnav/utils/__pycache__/printModel.cpython-312.pyc
/home/henricus/Controlling-Mulitple-Vehicle/install/cpnav/lib/python3.12/site-packages/cpnav/utils/__pycache__/measurement_transformer.cpython-312.pyc
/home/henricus/Controlling-Mulitple-Vehicle/install/cpnav/lib/python3.12/site-packages/cpnav/utils/__pycache__/system_identification.cpython-312.pyc
/home/henricus/Controlling-Mulitple-Vehicle/install/cpnav/lib/python3.12/site-packages/cpnav/utils/__pycache__/outer_lane_path.cpython-312.pyc
/home/henricus/Controlling-Mulitple-Vehicle/install/cpnav/lib/python3.12/site-packages/cpnav/utils/__pycache__/compute_relative_distance_on_path.cpython-312.pyc
/home/henricus/Controlling-Mulitple-Vehicle/install/cpnav/lib/python3.12/site-packages/cpnav/utils/__pycache__/compute_distance_on_path.cpython-312.pyc
/home/henricus/Controlling-Mulitple-Vehicle/install/cpnav/lib/python3.12/site-packages/cpnav/controllers/__pycache__/__init__.cpython-312.pyc
/home/henricus/Controlling-Mulitple-Vehicle/install/cpnav/lib/python3.12/site-packages/cpnav/controllers/__pycache__/interface_controller.cpython-312.pyc
/home/henricus/Controlling-Mulitple-Vehicle/install/cpnav/lib/python3.12/site-packages/cpnav/controllers/__pycache__/model_predictive_control.cpython-312.pyc
/home/henricus/Controlling-Mulitple-Vehicle/install/cpnav/lib/python3.12/site-packages/cpnav/models/__pycache__/longitudinal_model.cpython-312.pyc
/home/henricus/Controlling-Mulitple-Vehicle/install/cpnav/lib/python3.12/site-packages/cpnav/models/__pycache__/__init__.cpython-312.pyc
/home/henricus/Controlling-Mulitple-Vehicle/install/cpnav/lib/python3.12/site-packages/cpnav/models/__pycache__/central_model.cpython-312.pyc
/home/henricus/Controlling-Mulitple-Vehicle/install/cpnav/lib/python3.12/site-packages/cpnav/models/__pycache__/visualizeL3C1.cpython-312.pyc
/home/henricus/Controlling-Mulitple-Vehicle/install/cpnav/lib/python3.12/site-packages/cpnav/models/__pycache__/distributed_model.cpython-312.pyc
/home/henricus/Controlling-Mulitple-Vehicle/install/cpnav/lib/python3.12/site-packages/cpnav/models/__pycache__/interface_model.cpython-312.pyc
/home/henricus/Controlling-Mulitple-Vehicle/install/cpnav/lib/python3.12/site-packages/cpnav/internal_types/__pycache__/__init__.cpython-312.pyc
/home/henricus/Controlling-Mulitple-Vehicle/install/cpnav/lib/python3.12/site-packages/cpnav/internal_types/__pycache__/vehicle_state.cpython-312.pyc
/home/henricus/Controlling-Mulitple-Vehicle/install/cpnav/lib/python3.12/site-packages/cpnav/internal_types/__pycache__/path_point.cpython-312.pyc
/home/henricus/Controlling-Mulitple-Vehicle/install/cpnav/lib/python3.12/site-packages/cpnav/internal_types/__pycache__/vehicle_state_list.cpython-312.pyc
/home/henricus/Controlling-Mulitple-Vehicle/install/cpnav/lib/python3.12/site-packages/cpnav/vendor/__pycache__/__init__.cpython-312.pyc
/home/henricus/Controlling-Mulitple-Vehicle/install/cpnav/lib/python3.12/site-packages/cpnav/hlcs/__pycache__/__init__.cpython-312.pyc
/home/henricus/Controlling-Mulitple-Vehicle/install/cpnav/lib/python3.12/site-packages/cpnav/hlcs/__pycache__/dmpc_hlc.cpython-312.pyc
/home/henricus/Controlling-Mulitple-Vehicle/install/cpnav/lib/python3.12/site-packages/cpnav/hlcs/__pycache__/pmpc_hlc.cpython-312.pyc
/home/henricus/Controlling-Mulitple-Vehicle/install/cpnav/lib/python3.12/site-packages/cpnav/hlcs/__pycache__/cmpc_hlc.cpython-312.pyc
/home/henricus/Controlling-Mulitple-Vehicle/install/cpnav/lib/python3.12/site-packages/cpnav/hlcs/__pycache__/identification_hlc.cpython-312.pyc
/home/henricus/Controlling-Mulitple-Vehicle/install/cpnav/lib/python3.12/site-packages/cpnav/hlcs/__pycache__/interface_hlc.cpython-312.pyc
/home/henricus/Controlling-Mulitple-Vehicle/install/cpnav/lib/python3.12/site-packages/cpnav/vendor/sippy/__pycache__/functionsetSIM.cpython-312.pyc
/home/henricus/Controlling-Mulitple-Vehicle/install/cpnav/lib/python3.12/site-packages/cpnav/vendor/sippy/__pycache__/io_rls.cpython-312.pyc
/home/henricus/Controlling-Mulitple-Vehicle/install/cpnav/lib/python3.12/site-packages/cpnav/vendor/sippy/__pycache__/__init__.cpython-312.pyc
/home/henricus/Controlling-Mulitple-Vehicle/install/cpnav/lib/python3.12/site-packages/cpnav/vendor/sippy/__pycache__/arxMIMO.cpython-312.pyc
/home/henricus/Controlling-Mulitple-Vehicle/install/cpnav/lib/python3.12/site-packages/cpnav/vendor/sippy/__pycache__/io_rlsMIMO.cpython-312.pyc
/home/henricus/Controlling-Mulitple-Vehicle/install/cpnav/lib/python3.12/site-packages/cpnav/vendor/sippy/__pycache__/OLSims_methods.cpython-312.pyc
/home/henricus/Controlling-Mulitple-Vehicle/install/cpnav/lib/python3.12/site-packages/cpnav/vendor/sippy/__pycache__/io_opt.cpython-312.pyc
/home/henricus/Controlling-Mulitple-Vehicle/install/cpnav/lib/python3.12/site-packages/cpnav/vendor/sippy/__pycache__/functionset_OPT.cpython-312.pyc
/home/henricus/Controlling-Mulitple-Vehicle/install/cpnav/lib/python3.12/site-packages/cpnav/vendor/sippy/__pycache__/io_optMIMO.cpython-312.pyc
/home/henricus/Controlling-Mulitple-Vehicle/install/cpnav/lib/python3.12/site-packages/cpnav/vendor/sippy/__pycache__/functionset.cpython-312.pyc
/home/henricus/Controlling-Mulitple-Vehicle/install/cpnav/lib/python3.12/site-packages/cpnav/vendor/sippy/__pycache__/armaxMIMO.cpython-312.pyc
/home/henricus/Controlling-Mulitple-Vehicle/install/cpnav/lib/python3.12/site-packages/cpnav/vendor/sippy/__pycache__/Parsim_methods.cpython-312.pyc
/home/henricus/Controlling-Mulitple-Vehicle/install/cpnav/lib/python3.12/site-packages/cpnav/vendor/sippy/__pycache__/armax.cpython-312.pyc
/home/henricus/Controlling-Mulitple-Vehicle/install/cpnav/lib/python3.12/site-packages/cpnav/vendor/sippy/__pycache__/arx.cpython-312.pyc
/home/henricus/Controlling-Mulitple-Vehicle/install/cpnav/share/ament_index/resource_index/packages/cpnav
/home/henricus/Controlling-Mulitple-Vehicle/install/cpnav/share/cpnav/package.xml
/home/henricus/Controlling-Mulitple-Vehicle/install/cpnav/share/cpnav/launch/planner.launch.py
/home/henricus/Controlling-Mulitple-Vehicle/install/cpnav/share/cpnav/launch/plotting.launch.py
/home/henricus/Controlling-Mulitple-Vehicle/install/cpnav/lib/python3.12/site-packages/cpnav-1.0.0-py3.12.egg-info/top_level.txt
/home/henricus/Controlling-Mulitple-Vehicle/install/cpnav/lib/python3.12/site-packages/cpnav-1.0.0-py3.12.egg-info/zip-safe
/home/henricus/Controlling-Mulitple-Vehicle/install/cpnav/lib/python3.12/site-packages/cpnav-1.0.0-py3.12.egg-info/entry_points.txt
/home/henricus/Controlling-Mulitple-Vehicle/install/cpnav/lib/python3.12/site-packages/cpnav-1.0.0-py3.12.egg-info/SOURCES.txt
/home/henricus/Controlling-Mulitple-Vehicle/install/cpnav/lib/python3.12/site-packages/cpnav-1.0.0-py3.12.egg-info/requires.txt
/home/henricus/Controlling-Mulitple-Vehicle/install/cpnav/lib/python3.12/site-packages/cpnav-1.0.0-py3.12.egg-info/PKG-INFO
/home/henricus/Controlling-Mulitple-Vehicle/install/cpnav/lib/python3.12/site-packages/cpnav-1.0.0-py3.12.egg-info/dependency_links.txt
/home/henricus/Controlling-Mulitple-Vehicle/install/cpnav/lib/cpnav/hlc_node
/home/henricus/Controlling-Mulitple-Vehicle/install/cpnav/lib/cpnav/plot_platooning_node
